low_precision_jacobian_residuals_v1
reference_arithmetic=binary32
residual_convention=result-reference
residual_magnitude_is_diagnostic_not_pass_fail
E5M3_matrix_policy=unsigned_magnitude_plus_external_sign_and_exact_zero
summary,matrix14x26,binary32,storage,count=364,mean_abs=0,max_abs=0
diagnostic,matrix14x26,binary32,unsupported=0,nonzero_to_zero=0
summary,coeff14x6_forward,binary32,store_then_widen_binary32,count=112,mean_abs=0,max_abs=0
summary,coeff14x6_inverse,binary32,state_float32,count=48,mean_abs=2.25380063e-07,max_abs=6.67572021e-06
summary,coeff14x6_inverse,binary32,state_requantized,count=48,mean_abs=2.25380063e-07,max_abs=6.67572021e-06
summary,coeff14x6_inverse,binary32,back_through_reference_J,count=112,mean_abs=2.97357996e-08,max_abs=9.53674316e-07
diagnostic,coeff14x6,binary32,inverse_failures=0,max_ridge=0,vector_unsupported=0,vector_nonzero_to_zero=0
summary,full14x26_forward,binary32,store_then_widen_binary32,count=112,mean_abs=0,max_abs=0
summary,full14x26_inverse,binary32,state_float32,count=208,mean_abs=4.19743571e-07,max_abs=5.00679016e-06
summary,full14x26_inverse,binary32,state_requantized,count=208,mean_abs=4.19743571e-07,max_abs=5.00679016e-06
summary,full14x26_inverse,binary32,back_through_reference_J,count=112,mean_abs=2.85347255e-06,max_abs=1.52587891e-05
summary,full14x26_inverse,binary32,self_observation_roundtrip,count=112,mean_abs=2.85347255e-06,max_abs=1.52587891e-05
diagnostic,full14x26,binary32,inverse_failures=0,max_ridge=0,vector_unsupported=0,vector_nonzero_to_zero=0
summary,matrix14x26,Float16,storage,count=364,mean_abs=5.87113573e-06,max_abs=0.000204801559
diagnostic,matrix14x26,Float16,unsupported=0,nonzero_to_zero=0
summary,coeff14x6_forward,Float16,store_then_widen_binary32,count=112,mean_abs=8.10979036e-05,max_abs=0.00128054619
summary,coeff14x6_forward,Float16,requantize_each_term,count=112,mean_abs=0.000157637987,max_abs=0.00285816193
summary,coeff14x6_inverse,Float16,state_float32,count=48,mean_abs=0.000465310499,max_abs=0.00839567184
summary,coeff14x6_inverse,Float16,state_requantized,count=48,mean_abs=0.000339781254,max_abs=0.00706863403
summary,coeff14x6_inverse,Float16,back_through_reference_J,count=112,mean_abs=0.000105446474,max_abs=0.00237512589
diagnostic,coeff14x6,Float16,inverse_failures=0,max_ridge=0,vector_unsupported=0,vector_nonzero_to_zero=0
summary,full14x26_forward,Float16,store_then_widen_binary32,count=112,mean_abs=5.7872483e-05,max_abs=0.000337600708
summary,full14x26_forward,Float16,requantize_each_term,count=112,mean_abs=0.000467713893,max_abs=0.00251102448
summary,full14x26_inverse,Float16,state_float32,count=208,mean_abs=0.000682730519,max_abs=0.00652804598
summary,full14x26_inverse,Float16,state_requantized,count=208,mean_abs=0.000672596565,max_abs=0.00653142482
summary,full14x26_inverse,Float16,back_through_reference_J,count=112,mean_abs=0.000404958439,max_abs=0.00233840942
summary,full14x26_inverse,Float16,self_observation_roundtrip,count=112,mean_abs=1.42961346e-06,max_abs=8.82148743e-06
diagnostic,full14x26,Float16,inverse_failures=0,max_ridge=0,vector_unsupported=0,vector_nonzero_to_zero=0
summary,matrix14x26,E4M3,storage,count=364,mean_abs=0.000866745773,max_abs=0.0308616757
diagnostic,matrix14x26,E4M3,unsupported=0,nonzero_to_zero=11
summary,coeff14x6_forward,E4M3,store_then_widen_binary32,count=112,mean_abs=0.0104050785,max_abs=0.173830986
summary,coeff14x6_forward,E4M3,requantize_each_term,count=112,mean_abs=0.0176811162,max_abs=0.345705986
summary,coeff14x6_inverse,E4M3,state_float32,count=48,mean_abs=0.0431346446,max_abs=0.852235794
summary,coeff14x6_inverse,E4M3,state_requantized,count=48,mean_abs=0.0540208668,max_abs=1.31787109
summary,coeff14x6_inverse,E4M3,back_through_reference_J,count=112,mean_abs=0.0217267722,max_abs=0.321530342
diagnostic,coeff14x6,E4M3,inverse_failures=0,max_ridge=0,vector_unsupported=0,vector_nonzero_to_zero=0
summary,full14x26_forward,E4M3,store_then_widen_binary32,count=112,mean_abs=0.00822792016,max_abs=0.0811431408
summary,full14x26_forward,E4M3,requantize_each_term,count=112,mean_abs=0.0572361685,max_abs=0.557678223
summary,full14x26_inverse,E4M3,state_float32,count=208,mean_abs=0.0948967114,max_abs=1.96834803
summary,full14x26_inverse,E4M3,state_requantized,count=208,mean_abs=0.093854323,max_abs=1.9796288
summary,full14x26_inverse,E4M3,back_through_reference_J,count=112,mean_abs=0.048257824,max_abs=0.319610596
summary,full14x26_inverse,E4M3,self_observation_roundtrip,count=112,mean_abs=1.69906502e-06,max_abs=8.34465027e-06
diagnostic,full14x26,E4M3,inverse_failures=0,max_ridge=0,vector_unsupported=0,vector_nonzero_to_zero=24
summary,matrix14x26,E5M2,storage,count=364,mean_abs=0.00163045479,max_abs=0.0597234368
diagnostic,matrix14x26,E5M2,unsupported=0,nonzero_to_zero=0
summary,coeff14x6_forward,E5M2,store_then_widen_binary32,count=112,mean_abs=0.015508852,max_abs=0.232243538
summary,coeff14x6_forward,E5M2,requantize_each_term,count=112,mean_abs=0.0311352275,max_abs=0.845705986
summary,coeff14x6_inverse,E5M2,state_float32,count=48,mean_abs=0.0516998358,max_abs=1.6207819
summary,coeff14x6_inverse,E5M2,state_requantized,count=48,mean_abs=0.0475377589,max_abs=1.68212891
summary,coeff14x6_inverse,E5M2,back_through_reference_J,count=112,mean_abs=0.0162351187,max_abs=0.459016323
diagnostic,coeff14x6,E5M2,inverse_failures=0,max_ridge=0,vector_unsupported=0,vector_nonzero_to_zero=0
summary,full14x26_forward,E5M2,store_then_widen_binary32,count=112,mean_abs=0.0180371571,max_abs=0.137851
summary,full14x26_forward,E5M2,requantize_each_term,count=112,mean_abs=0.110772565,max_abs=0.760219097
summary,full14x26_inverse,E5M2,state_float32,count=208,mean_abs=0.163701952,max_abs=2.0464828
summary,full14x26_inverse,E5M2,state_requantized,count=208,mean_abs=0.16040419,max_abs=2
summary,full14x26_inverse,E5M2,back_through_reference_J,count=112,mean_abs=0.0975068584,max_abs=0.433254957
summary,full14x26_inverse,E5M2,self_observation_roundtrip,count=112,mean_abs=3.35196296e-06,max_abs=2.02655792e-05
diagnostic,full14x26,E5M2,inverse_failures=0,max_ridge=0,vector_unsupported=0,vector_nonzero_to_zero=1
summary,matrix14x26,E3M2,storage,count=364,mean_abs=0.00250981725,max_abs=0.0597234368
diagnostic,matrix14x26,E3M2,unsupported=0,nonzero_to_zero=30
summary,coeff14x6_forward,E3M2,store_then_widen_binary32,count=112,mean_abs=0.0237910654,max_abs=0.313405037
summary,coeff14x6_forward,E3M2,requantize_each_term,count=112,mean_abs=0.0351472795,max_abs=0.845705986
summary,coeff14x6_inverse,E3M2,state_float32,count=48,mean_abs=0.0377872139,max_abs=0.476746559
summary,coeff14x6_inverse,E3M2,state_requantized,count=48,mean_abs=0.0319127589,max_abs=0.682128906
summary,coeff14x6_inverse,E3M2,back_through_reference_J,count=112,mean_abs=0.0129030049,max_abs=0.253179073
diagnostic,coeff14x6,E3M2,inverse_failures=0,max_ridge=0,vector_unsupported=0,vector_nonzero_to_zero=0
summary,full14x26_forward,E3M2,store_then_widen_binary32,count=112,mean_abs=0.019587446,max_abs=0.124308825
summary,full14x26_forward,E3M2,requantize_each_term,count=112,mean_abs=0.111825764,max_abs=0.760219097
summary,full14x26_inverse,E3M2,state_float32,count=208,mean_abs=0.155561954,max_abs=1.7160598
summary,full14x26_inverse,E3M2,state_requantized,count=208,mean_abs=0.152523503,max_abs=1.75
summary,full14x26_inverse,E3M2,back_through_reference_J,count=112,mean_abs=0.0922447294,max_abs=0.432830334
summary,full14x26_inverse,E3M2,self_observation_roundtrip,count=112,mean_abs=1.4132155e-06,max_abs=5.24520874e-06
diagnostic,full14x26,E3M2,inverse_failures=0,max_ridge=0,vector_unsupported=0,vector_nonzero_to_zero=59
summary,matrix14x26,E5M3+sign,storage,count=364,mean_abs=0.0079156151,max_abs=0.0625
diagnostic,matrix14x26,E5M3+sign,unsupported=0,nonzero_to_zero=0
summary,coeff14x6_forward,E5M3+sign,store_then_widen_binary32,count=112,mean_abs=0.0484317467,max_abs=0.389719963
summary,coeff14x6_inverse,E5M3+sign,state_float32,count=48,mean_abs=0.0620323308,max_abs=0.616484642
summary,coeff14x6_inverse,E5M3+sign,state_requantized,count=48,mean_abs=0.0483288914,max_abs=0.435717583
summary,coeff14x6_inverse,E5M3+sign,back_through_reference_J,count=112,mean_abs=0.0291462336,max_abs=0.260306358
diagnostic,coeff14x6,E5M3+sign,inverse_failures=0,max_ridge=0,vector_unsupported=0,vector_nonzero_to_zero=0
summary,full14x26_forward,E5M3+sign,store_then_widen_binary32,count=112,mean_abs=0.241254702,max_abs=0.712402344
summary,full14x26_inverse,E5M3+sign,state_float32,count=208,mean_abs=0.101809926,max_abs=1.34278893
summary,full14x26_inverse,E5M3+sign,state_requantized,count=208,mean_abs=0.103210121,max_abs=1.37182772
summary,full14x26_inverse,E5M3+sign,back_through_reference_J,count=112,mean_abs=0.143425331,max_abs=0.643455505
summary,full14x26_inverse,E5M3+sign,self_observation_roundtrip,count=112,mean_abs=1.56532042e-06,max_abs=9.05990601e-06
diagnostic,full14x26,E5M3+sign,inverse_failures=0,max_ridge=0,vector_unsupported=1,vector_nonzero_to_zero=1
report_complete
